

 Start  Stop   Length Name                   Class
 00000H 000D1H 000D2H CRYPTA                 CRYA
 000E0H 008F0H 00811H CRYPT1                 CRYA
 00900H 00A74H 00175H CRYPT2                 CRYA
 00A80H 00C2DH 001AEH CRYPT3                 CRYA
 00C30H 00FA5H 00376H CRYPT4                 CRYA
 00FB0H 01271H 002C2H CRYPT5                 CRYA
 01280H 01C2CH 009ADH CRYPT6                 CRYA
 01C30H 01F6EH 0033FH CRYPT7                 CRYA
 01F70H 02664H 006F5H CRYPT8                 CRYA
 02670H 033C4H 00D55H CRYPT9                 CRYA
 033D0H 03814H 00445H CRYPT10                CRYA
 03820H 038C8H 000A9H CRYPT11                CRYA
 038D0H 03B42H 00273H CRYPT13                CRYA
 03B50H 03F87H 00438H CRYPT14                CRYA
 03F90H 04895H 00906H CRYPT20                CRYA
 048A0H 05C40H 013A1H CRYPT21                CRYA
 05C50H 060D8H 00489H CRYPT22                CRYA
 060E0H 08006H 01F27H CRYPT25                CRYA
 08010H 09570H 01561H CRYPT26                CRYA
 09580H 0985AH 002DBH FP2                    CRYA
 09860H 09BCDH 0036EH FP4                    CRYA
 09BD0H 0A00DH 0043EH CRYPTF                 CRYA
 0A010H 0A1FCH 001EDH CRYPTG                 CRYA
 0A200H 0A4B6H 002B7H CRYPTH                 CRYA
 0A4C0H 0AA60H 005A1H CRYPTS                 CRYA
 0AA70H 0AA9BH 0002CH CRYPTB                 CRYB
 0AAA0H 0B7E0H 00D41H CRYPT1B                CRYB
 0B7F0H 0B7F3H 00004H CRYPT2B                CRYB
 0B800H 0B8DAH 000DBH CRYPT3B                CRYB
 0B8E0H 0B96EH 0008FH CRYPT4B                CRYB
 0B970H 0BBE4H 00275H CRYPT5B                CRYB
 0BBF0H 0C176H 00587H CRYPT6B                CRYB
 0C180H 0CD2FH 00BB0H CRYPT7B                CRYB
 0CD30H 0CDC4H 00095H CRYPT8B                CRYB
 0CDD0H 0D030H 00261H CRYPT9B                CRYB
 0D040H 0D251H 00212H CRYPT10B               CRYB
 0D260H 0D287H 00028H CRYPT11B               CRYB
 0D290H 0D388H 000F9H CRYPT13B               CRYB
 0D390H 0D7D3H 00444H CRYPT14B               CRYB
 0D7E0H 0DB8DH 003AEH CRYPT20B               CRYB
 0DB90H 0E1D5H 00646H CRYPT21B               CRYB
 0E1E0H 0E1EBH 0000CH CRYPT22B               CRYB
 0E1F0H 0EBF9H 00A0AH CRYPT25B               CRYB
 0EC00H 0ED0DH 0010EH CRYPT26B               CRYB
 0ED10H 0EDE4H 000D5H FP2B                   CRYB
 0EDF0H 0EE21H 00032H FP4B                   CRYB
 0EE30H 0EE45H 00016H CRYPTFB                CRYB
 0EE50H 0EEC2H 00073H CRYPTGB                CRYB
 0EED0H 0F0EEH 0021FH CRYPTHB                CRYB
 0F0F0H 0F14AH 0005BH CRYPTSB                CRYB
 0F150H 0F54FH 00400H ZZZ                    CRYZ
