		 DEA Release v.2.01 Problem / Bug Report Form
		----------------------------------------------


   MAIL TO:  Nellis du Maurier Information Security
	     33 Isabella St., Ste. 1005
	     Toronto, Ontario M4Y 2P7
	     Canada


   Please specify the particulars of the problem you are having, along
   with the following:

   Operating System Used: ___________________________________________

   DEA program causing
   difficulties:           DEA  GENKEY  KEYVIEW  MFD       (circle one)

   Program reported
   Error Line Number      _____________________  (must be provided)

Please remember to be specific enough to allow Nellis du Maurier to duplicate
your problem(s).  This may include any relevant factors.


   Particulars: ________________________________________________________

    ____________________________________________________________________

    ____________________________________________________________________

    ____________________________________________________________________

    ____________________________________________________________________

    ____________________________________________________________________

    ____________________________________________________________________

    ____________________________________________________________________



    Registered DEA User:            Today's Date: _______________________


  Company Name_____________________________________________________________


  Title_______________________________________________________


  First Name__________________________________________________


  Last Name___________________________________________________


  Mailing Address_____________________________________________


  City________________________________State_______________Zip______________

